Analysis & Synthesis report for serial_fir_filter
Fri Jul 28 19:25:00 2023
Quartus Prime Version 22.1std.1 Build 917 02/14/2023 SC Lite Edition


---------------------
; Table of Contents ;
---------------------
  1. Legal Notice
  2. Analysis & Synthesis Summary
  3. Analysis & Synthesis Settings
  4. Parallel Compilation
  5. Analysis & Synthesis Source Files Read
  6. Analysis & Synthesis Resource Usage Summary
  7. Analysis & Synthesis Resource Utilization by Entity
  8. Analysis & Synthesis DSP Block Usage Summary
  9. State Machine - |serial_fir_filter|controller:dut2|states
 10. Registers Removed During Synthesis
 11. General Register Statistics
 12. Inverted Register Statistics
 13. Parameter Settings for User Entity Instance: datapath:dut1|mac_unit:dut|multiplier:dut1
 14. Parameter Settings for User Entity Instance: datapath:dut1|mac_unit:dut|full_adder:dut2
 15. Parameter Settings for User Entity Instance: controller:dut2
 16. Port Connectivity Checks: "datapath:dut1|mac_unit:dut|multiplier:dut1"
 17. Port Connectivity Checks: "datapath:dut1|mac_unit:dut"
 18. Port Connectivity Checks: "datapath:dut1|mux:dut2"
 19. Port Connectivity Checks: "datapath:dut1|mux:dut1"
 20. Post-Synthesis Netlist Statistics for Top Partition
 21. Elapsed Time Per Partition
 22. Analysis & Synthesis Messages



----------------
; Legal Notice ;
----------------
Copyright (C) 2023  Intel Corporation. All rights reserved.
Your use of Intel Corporation's design tools, logic functions 
and other software and tools, and any partner logic 
functions, and any output files from any of the foregoing 
(including device programming or simulation files), and any 
associated documentation or information are expressly subject 
to the terms and conditions of the Intel Program License 
Subscription Agreement, the Intel Quartus Prime License Agreement,
the Intel FPGA IP License Agreement, or other applicable license
agreement, including, without limitation, that your use is for
the sole purpose of programming logic devices manufactured by
Intel and sold by Intel or its authorized distributors.  Please
refer to the applicable agreement for further details, at
https://fpgasoftware.intel.com/eula.



+----------------------------------------------------------------------------------+
; Analysis & Synthesis Summary                                                     ;
+---------------------------------+------------------------------------------------+
; Analysis & Synthesis Status     ; Successful - Fri Jul 28 19:25:00 2023          ;
; Quartus Prime Version           ; 22.1std.1 Build 917 02/14/2023 SC Lite Edition ;
; Revision Name                   ; serial_fir_filter                              ;
; Top-level Entity Name           ; serial_fir_filter                              ;
; Family                          ; Cyclone V                                      ;
; Logic utilization (in ALMs)     ; N/A                                            ;
; Total registers                 ; 55                                             ;
; Total pins                      ; 75                                             ;
; Total virtual pins              ; 0                                              ;
; Total block memory bits         ; 0                                              ;
; Total DSP Blocks                ; 1                                              ;
; Total HSSI RX PCSs              ; 0                                              ;
; Total HSSI PMA RX Deserializers ; 0                                              ;
; Total HSSI TX PCSs              ; 0                                              ;
; Total HSSI PMA TX Serializers   ; 0                                              ;
; Total PLLs                      ; 0                                              ;
; Total DLLs                      ; 0                                              ;
+---------------------------------+------------------------------------------------+


+---------------------------------------------------------------------------------------------------------------------------+
; Analysis & Synthesis Settings                                                                                             ;
+---------------------------------------------------------------------------------+--------------------+--------------------+
; Option                                                                          ; Setting            ; Default Value      ;
+---------------------------------------------------------------------------------+--------------------+--------------------+
; Device                                                                          ; 5CGXFC7C7F23C8     ;                    ;
; Top-level entity name                                                           ; serial_fir_filter  ; serial_fir_filter  ;
; Family name                                                                     ; Cyclone V          ; Cyclone V          ;
; Use smart compilation                                                           ; Off                ; Off                ;
; Enable parallel Assembler and Timing Analyzer during compilation                ; On                 ; On                 ;
; Enable compact report table                                                     ; Off                ; Off                ;
; Restructure Multiplexers                                                        ; Auto               ; Auto               ;
; MLAB Add Timing Constraints For Mixed-Port Feed-Through Mode Setting Don't Care ; Off                ; Off                ;
; Create Debugging Nodes for IP Cores                                             ; Off                ; Off                ;
; Preserve fewer node names                                                       ; On                 ; On                 ;
; Intel FPGA IP Evaluation Mode                                                   ; Enable             ; Enable             ;
; Verilog Version                                                                 ; Verilog_2001       ; Verilog_2001       ;
; VHDL Version                                                                    ; VHDL_1993          ; VHDL_1993          ;
; State Machine Processing                                                        ; Auto               ; Auto               ;
; Safe State Machine                                                              ; Off                ; Off                ;
; Extract Verilog State Machines                                                  ; On                 ; On                 ;
; Extract VHDL State Machines                                                     ; On                 ; On                 ;
; Ignore Verilog initial constructs                                               ; Off                ; Off                ;
; Iteration limit for constant Verilog loops                                      ; 5000               ; 5000               ;
; Iteration limit for non-constant Verilog loops                                  ; 250                ; 250                ;
; Add Pass-Through Logic to Inferred RAMs                                         ; On                 ; On                 ;
; Infer RAMs from Raw Logic                                                       ; On                 ; On                 ;
; Parallel Synthesis                                                              ; On                 ; On                 ;
; DSP Block Balancing                                                             ; Auto               ; Auto               ;
; NOT Gate Push-Back                                                              ; On                 ; On                 ;
; Power-Up Don't Care                                                             ; On                 ; On                 ;
; Remove Redundant Logic Cells                                                    ; Off                ; Off                ;
; Remove Duplicate Registers                                                      ; On                 ; On                 ;
; Ignore CARRY Buffers                                                            ; Off                ; Off                ;
; Ignore CASCADE Buffers                                                          ; Off                ; Off                ;
; Ignore GLOBAL Buffers                                                           ; Off                ; Off                ;
; Ignore ROW GLOBAL Buffers                                                       ; Off                ; Off                ;
; Ignore LCELL Buffers                                                            ; Off                ; Off                ;
; Ignore SOFT Buffers                                                             ; On                 ; On                 ;
; Limit AHDL Integers to 32 Bits                                                  ; Off                ; Off                ;
; Optimization Technique                                                          ; Balanced           ; Balanced           ;
; Carry Chain Length                                                              ; 70                 ; 70                 ;
; Auto Carry Chains                                                               ; On                 ; On                 ;
; Auto Open-Drain Pins                                                            ; On                 ; On                 ;
; Perform WYSIWYG Primitive Resynthesis                                           ; Off                ; Off                ;
; Auto ROM Replacement                                                            ; On                 ; On                 ;
; Auto RAM Replacement                                                            ; On                 ; On                 ;
; Auto DSP Block Replacement                                                      ; On                 ; On                 ;
; Auto Shift Register Replacement                                                 ; Auto               ; Auto               ;
; Allow Shift Register Merging across Hierarchies                                 ; Auto               ; Auto               ;
; Auto Clock Enable Replacement                                                   ; On                 ; On                 ;
; Strict RAM Replacement                                                          ; Off                ; Off                ;
; Allow Synchronous Control Signals                                               ; On                 ; On                 ;
; Force Use of Synchronous Clear Signals                                          ; Off                ; Off                ;
; Auto Resource Sharing                                                           ; Off                ; Off                ;
; Allow Any RAM Size For Recognition                                              ; Off                ; Off                ;
; Allow Any ROM Size For Recognition                                              ; Off                ; Off                ;
; Allow Any Shift Register Size For Recognition                                   ; Off                ; Off                ;
; Use LogicLock Constraints during Resource Balancing                             ; On                 ; On                 ;
; Ignore translate_off and synthesis_off directives                               ; Off                ; Off                ;
; Timing-Driven Synthesis                                                         ; On                 ; On                 ;
; Report Parameter Settings                                                       ; On                 ; On                 ;
; Report Source Assignments                                                       ; On                 ; On                 ;
; Report Connectivity Checks                                                      ; On                 ; On                 ;
; Ignore Maximum Fan-Out Assignments                                              ; Off                ; Off                ;
; Synchronization Register Chain Length                                           ; 3                  ; 3                  ;
; Power Optimization During Synthesis                                             ; Normal compilation ; Normal compilation ;
; HDL message level                                                               ; Level2             ; Level2             ;
; Suppress Register Optimization Related Messages                                 ; Off                ; Off                ;
; Number of Removed Registers Reported in Synthesis Report                        ; 5000               ; 5000               ;
; Number of Swept Nodes Reported in Synthesis Report                              ; 5000               ; 5000               ;
; Number of Inverted Registers Reported in Synthesis Report                       ; 100                ; 100                ;
; Clock MUX Protection                                                            ; On                 ; On                 ;
; Auto Gated Clock Conversion                                                     ; Off                ; Off                ;
; Block Design Naming                                                             ; Auto               ; Auto               ;
; SDC constraint protection                                                       ; Off                ; Off                ;
; Synthesis Effort                                                                ; Auto               ; Auto               ;
; Shift Register Replacement - Allow Asynchronous Clear Signal                    ; On                 ; On                 ;
; Pre-Mapping Resynthesis Optimization                                            ; Off                ; Off                ;
; Analysis & Synthesis Message Level                                              ; Medium             ; Medium             ;
; Disable Register Merging Across Hierarchies                                     ; Auto               ; Auto               ;
; Resource Aware Inference For Block RAM                                          ; On                 ; On                 ;
; Automatic Parallel Synthesis                                                    ; On                 ; On                 ;
; Partial Reconfiguration Bitstream ID                                            ; Off                ; Off                ;
+---------------------------------------------------------------------------------+--------------------+--------------------+


+------------------------------------------+
; Parallel Compilation                     ;
+----------------------------+-------------+
; Processors                 ; Number      ;
+----------------------------+-------------+
; Number detected on machine ; 4           ;
; Maximum allowed            ; 2           ;
;                            ;             ;
; Average used               ; 1.00        ;
; Maximum used               ; 2           ;
;                            ;             ;
; Usage by Processor         ; % Time Used ;
;     Processor 1            ; 100.0%      ;
;     Processor 2            ;   0.0%      ;
+----------------------------+-------------+


+-------------------------------------------------------------------------------------------------------------------------------------------------------+
; Analysis & Synthesis Source Files Read                                                                                                                ;
+----------------------------------+-----------------+------------------------+---------------------------------------------------------------+---------+
; File Name with User-Entered Path ; Used in Netlist ; File Type              ; File Name with Absolute Path                                  ; Library ;
+----------------------------------+-----------------+------------------------+---------------------------------------------------------------+---------+
; rtl_srcs/full_adder.v            ; yes             ; User Verilog HDL File  ; D:/QP_projects/serial_fir_filter/rtl_srcs/full_adder.v        ;         ;
; rtl_srcs/multiplier.v            ; yes             ; User Verilog HDL File  ; D:/QP_projects/serial_fir_filter/rtl_srcs/multiplier.v        ;         ;
; rtl_srcs/mac_unit.v              ; yes             ; User Verilog HDL File  ; D:/QP_projects/serial_fir_filter/rtl_srcs/mac_unit.v          ;         ;
; rtl_srcs/mux.v                   ; yes             ; User Verilog HDL File  ; D:/QP_projects/serial_fir_filter/rtl_srcs/mux.v               ;         ;
; rtl_srcs/datapath.v              ; yes             ; User Verilog HDL File  ; D:/QP_projects/serial_fir_filter/rtl_srcs/datapath.v          ;         ;
; rtl_srcs/controller.v            ; yes             ; User Verilog HDL File  ; D:/QP_projects/serial_fir_filter/rtl_srcs/controller.v        ;         ;
; rtl_srcs/serial_fir_filter.v     ; yes             ; User Verilog HDL File  ; D:/QP_projects/serial_fir_filter/rtl_srcs/serial_fir_filter.v ;         ;
+----------------------------------+-----------------+------------------------+---------------------------------------------------------------+---------+


+---------------------------------------------------------+
; Analysis & Synthesis Resource Usage Summary             ;
+---------------------------------------------+-----------+
; Resource                                    ; Usage     ;
+---------------------------------------------+-----------+
; Estimate of Logic utilization (ALMs needed) ; 28        ;
;                                             ;           ;
; Combinational ALUT usage for logic          ; 2         ;
;     -- 7 input functions                    ; 0         ;
;     -- 6 input functions                    ; 0         ;
;     -- 5 input functions                    ; 0         ;
;     -- 4 input functions                    ; 0         ;
;     -- <=3 input functions                  ; 2         ;
;                                             ;           ;
; Dedicated logic registers                   ; 55        ;
;                                             ;           ;
; I/O pins                                    ; 75        ;
;                                             ;           ;
; Total DSP Blocks                            ; 1         ;
;                                             ;           ;
; Maximum fan-out node                        ; clk~input ;
; Maximum fan-out                             ; 55        ;
; Total fan-out                               ; 337       ;
; Average fan-out                             ; 1.62      ;
+---------------------------------------------+-----------+


+----------------------------------------------------------------------------------------------------------------------------------------------------------------------------------------------------------------------------------------+
; Analysis & Synthesis Resource Utilization by Entity                                                                                                                                                                                    ;
+----------------------------+---------------------+---------------------------+-------------------+------------+------+--------------+---------------------------------------------------------------+-------------------+--------------+
; Compilation Hierarchy Node ; Combinational ALUTs ; Dedicated Logic Registers ; Block Memory Bits ; DSP Blocks ; Pins ; Virtual Pins ; Full Hierarchy Name                                           ; Entity Name       ; Library Name ;
+----------------------------+---------------------+---------------------------+-------------------+------------+------+--------------+---------------------------------------------------------------+-------------------+--------------+
; |serial_fir_filter         ; 2 (0)               ; 55 (0)                    ; 0                 ; 1          ; 75   ; 0            ; |serial_fir_filter                                            ; serial_fir_filter ; work         ;
;    |controller:dut2|       ; 2 (2)               ; 7 (7)                     ; 0                 ; 0          ; 0    ; 0            ; |serial_fir_filter|controller:dut2                            ; controller        ; work         ;
;    |datapath:dut1|         ; 0 (0)               ; 48 (24)                   ; 0                 ; 1          ; 0    ; 0            ; |serial_fir_filter|datapath:dut1                              ; datapath          ; work         ;
;       |mac_unit:dut|       ; 0 (0)               ; 24 (24)                   ; 0                 ; 1          ; 0    ; 0            ; |serial_fir_filter|datapath:dut1|mac_unit:dut                 ; mac_unit          ; work         ;
;          |multiplier:dut1| ; 0 (0)               ; 0 (0)                     ; 0                 ; 1          ; 0    ; 0            ; |serial_fir_filter|datapath:dut1|mac_unit:dut|multiplier:dut1 ; multiplier        ; work         ;
+----------------------------+---------------------+---------------------------+-------------------+------------+------+--------------+---------------------------------------------------------------+-------------------+--------------+
Note: For table entries with two numbers listed, the numbers in parentheses indicate the number of resources of the given type used by the specific entity alone. The numbers listed outside of parentheses indicate the total resources of the given type used by the specific entity and all of its sub-entities in the hierarchy.


+-----------------------------------------------+
; Analysis & Synthesis DSP Block Usage Summary  ;
+---------------------------------+-------------+
; Statistic                       ; Number Used ;
+---------------------------------+-------------+
; Independent 18x18 plus 36       ; 1           ;
; Total number of DSP blocks      ; 1           ;
;                                 ;             ;
; Fixed Point Unsigned Multiplier ; 1           ;
+---------------------------------+-------------+


Encoding Type:  One-Hot
+-----------------------------------------------------------------------+
; State Machine - |serial_fir_filter|controller:dut2|states             ;
+-----------+-----------+-----------+-----------+-----------+-----------+
; Name      ; states.s3 ; states.s2 ; states.s1 ; states.s0 ; states.s4 ;
+-----------+-----------+-----------+-----------+-----------+-----------+
; states.s0 ; 0         ; 0         ; 0         ; 0         ; 0         ;
; states.s1 ; 0         ; 0         ; 1         ; 1         ; 0         ;
; states.s2 ; 0         ; 1         ; 0         ; 1         ; 0         ;
; states.s3 ; 1         ; 0         ; 0         ; 1         ; 0         ;
; states.s4 ; 0         ; 0         ; 0         ; 1         ; 1         ;
+-----------+-----------+-----------+-----------+-----------+-----------+


+--------------------------------------------------------------------------------+
; Registers Removed During Synthesis                                             ;
+---------------------------------------+----------------------------------------+
; Register name                         ; Reason for Removal                     ;
+---------------------------------------+----------------------------------------+
; datapath:dut1|y_reg[24]               ; Stuck at GND due to stuck port data_in ;
; controller:dut2|mult_sel[0,1]         ; Lost fanout                            ;
; controller:dut2|states~4              ; Lost fanout                            ;
; controller:dut2|states~5              ; Lost fanout                            ;
; controller:dut2|sum_ld                ; Merged with controller:dut2|states.s0  ;
; Total Number of Removed Registers = 6 ;                                        ;
+---------------------------------------+----------------------------------------+


+------------------------------------------------------+
; General Register Statistics                          ;
+----------------------------------------------+-------+
; Statistic                                    ; Value ;
+----------------------------------------------+-------+
; Total registers                              ; 55    ;
; Number of registers using Synchronous Clear  ; 24    ;
; Number of registers using Synchronous Load   ; 0     ;
; Number of registers using Asynchronous Clear ; 55    ;
; Number of registers using Asynchronous Load  ; 0     ;
; Number of registers using Clock Enable       ; 24    ;
; Number of registers using Preset             ; 0     ;
+----------------------------------------------+-------+


+--------------------------------------------------+
; Inverted Register Statistics                     ;
+----------------------------------------+---------+
; Inverted Register                      ; Fan out ;
+----------------------------------------+---------+
; controller:dut2|sum_clr                ; 24      ;
; Total number of inverted registers = 1 ;         ;
+----------------------------------------+---------+


+-----------------------------------------------------------------------------------------+
; Parameter Settings for User Entity Instance: datapath:dut1|mac_unit:dut|multiplier:dut1 ;
+----------------+-------+----------------------------------------------------------------+
; Parameter Name ; Value ; Type                                                           ;
+----------------+-------+----------------------------------------------------------------+
; m              ; 12    ; Signed Integer                                                 ;
+----------------+-------+----------------------------------------------------------------+
Note: In order to hide this table in the UI and the text report file, please set the "Show Parameter Settings in Synthesis Report" option in "Analysis and Synthesis Settings -> More Settings" to "Off".


+-----------------------------------------------------------------------------------------+
; Parameter Settings for User Entity Instance: datapath:dut1|mac_unit:dut|full_adder:dut2 ;
+----------------+-------+----------------------------------------------------------------+
; Parameter Name ; Value ; Type                                                           ;
+----------------+-------+----------------------------------------------------------------+
; n              ; 24    ; Signed Integer                                                 ;
+----------------+-------+----------------------------------------------------------------+
Note: In order to hide this table in the UI and the text report file, please set the "Show Parameter Settings in Synthesis Report" option in "Analysis and Synthesis Settings -> More Settings" to "Off".


+--------------------------------------------------------------+
; Parameter Settings for User Entity Instance: controller:dut2 ;
+----------------+-------+-------------------------------------+
; Parameter Name ; Value ; Type                                ;
+----------------+-------+-------------------------------------+
; s0             ; 000   ; Unsigned Binary                     ;
; s1             ; 001   ; Unsigned Binary                     ;
; s2             ; 010   ; Unsigned Binary                     ;
; s3             ; 011   ; Unsigned Binary                     ;
; s4             ; 100   ; Unsigned Binary                     ;
+----------------+-------+-------------------------------------+
Note: In order to hide this table in the UI and the text report file, please set the "Show Parameter Settings in Synthesis Report" option in "Analysis and Synthesis Settings -> More Settings" to "Off".


+--------------------------------------------------------------------------------------------------------------------------------------------------------------------------------------------------------------+
; Port Connectivity Checks: "datapath:dut1|mac_unit:dut|multiplier:dut1"                                                                                                                                       ;
+------+-------+----------+------------------------------------------------------------------------------------------------------------------------------------------------------------------------------------+
; Port ; Type  ; Severity ; Details                                                                                                                                                                            ;
+------+-------+----------+------------------------------------------------------------------------------------------------------------------------------------------------------------------------------------+
; a_in ; Input ; Warning  ; Input port expression (13 bits) is wider than the input port (12 bits) it drives.  The 1 most-significant bit(s) in the expression will be dangling if they have no other fanouts. ;
; b_in ; Input ; Warning  ; Input port expression (13 bits) is wider than the input port (12 bits) it drives.  The 1 most-significant bit(s) in the expression will be dangling if they have no other fanouts. ;
+------+-------+----------+------------------------------------------------------------------------------------------------------------------------------------------------------------------------------------+


+-------------------------------------------------------------------------------------------------------------------------------------------------------------------------------------------------------+
; Port Connectivity Checks: "datapath:dut1|mac_unit:dut"                                                                                                                                                ;
+---------+--------+----------+-------------------------------------------------------------------------------------------------------------------------------------------------------------------------+
; Port    ; Type   ; Severity ; Details                                                                                                                                                                 ;
+---------+--------+----------+-------------------------------------------------------------------------------------------------------------------------------------------------------------------------+
; a_in    ; Input  ; Warning  ; Input port expression (12 bits) is smaller than the input port (13 bits) it drives.  Extra input bit(s) "a_in[12..12]" will be connected to GND.                        ;
; b_in    ; Input  ; Warning  ; Input port expression (12 bits) is smaller than the input port (13 bits) it drives.  Extra input bit(s) "b_in[12..12]" will be connected to GND.                        ;
; sum_out ; Output ; Warning  ; Output or bidir port (24 bits) is smaller than the port expression (25 bits) it drives.  The 1 most-significant bit(s) in the port expression will be connected to GND. ;
+---------+--------+----------+-------------------------------------------------------------------------------------------------------------------------------------------------------------------------+


+--------------------------------------------------------------------------------------------------------------------------------------------------------------------------------------------------------------------+
; Port Connectivity Checks: "datapath:dut1|mux:dut2"                                                                                                                                                                 ;
+-----------+--------+----------+------------------------------------------------------------------------------------------------------------------------------------------------------------------------------------+
; Port      ; Type   ; Severity ; Details                                                                                                                                                                            ;
+-----------+--------+----------+------------------------------------------------------------------------------------------------------------------------------------------------------------------------------------+
; inp       ; Input  ; Warning  ; Input port expression (48 bits) is wider than the input port (4 bits) it drives.  The 44 most-significant bit(s) in the expression will be dangling if they have no other fanouts. ;
; inp[3..0] ; Input  ; Info     ; Stuck at GND                                                                                                                                                                       ;
; out       ; Output ; Warning  ; Output or bidir port (1 bits) is smaller than the port expression (12 bits) it drives.  The 11 most-significant bit(s) in the port expression will be connected to GND.            ;
+-----------+--------+----------+------------------------------------------------------------------------------------------------------------------------------------------------------------------------------------+


+--------------------------------------------------------------------------------------------------------------------------------------------------------------------------------------------------------------------+
; Port Connectivity Checks: "datapath:dut1|mux:dut1"                                                                                                                                                                 ;
+-----------+--------+----------+------------------------------------------------------------------------------------------------------------------------------------------------------------------------------------+
; Port      ; Type   ; Severity ; Details                                                                                                                                                                            ;
+-----------+--------+----------+------------------------------------------------------------------------------------------------------------------------------------------------------------------------------------+
; inp       ; Input  ; Warning  ; Input port expression (48 bits) is wider than the input port (4 bits) it drives.  The 44 most-significant bit(s) in the expression will be dangling if they have no other fanouts. ;
; inp[3..0] ; Input  ; Info     ; Stuck at GND                                                                                                                                                                       ;
; out       ; Output ; Warning  ; Output or bidir port (1 bits) is smaller than the port expression (12 bits) it drives.  The 11 most-significant bit(s) in the port expression will be connected to GND.            ;
+-----------+--------+----------+------------------------------------------------------------------------------------------------------------------------------------------------------------------------------------+


+-----------------------------------------------------+
; Post-Synthesis Netlist Statistics for Top Partition ;
+-----------------------+-----------------------------+
; Type                  ; Count                       ;
+-----------------------+-----------------------------+
; arriav_ff             ; 55                          ;
;     CLR               ; 7                           ;
;     CLR SCLR          ; 24                          ;
;     ENA CLR           ; 24                          ;
; arriav_lcell_comb     ; 3                           ;
;     normal            ; 3                           ;
;         0 data inputs ; 1                           ;
;         1 data inputs ; 2                           ;
; arriav_mac            ; 1                           ;
; boundary_port         ; 75                          ;
;                       ;                             ;
; Max LUT depth         ; 1.00                        ;
; Average LUT depth     ; 0.05                        ;
+-----------------------+-----------------------------+


+-------------------------------+
; Elapsed Time Per Partition    ;
+----------------+--------------+
; Partition Name ; Elapsed Time ;
+----------------+--------------+
; Top            ; 00:00:00     ;
+----------------+--------------+


+-------------------------------+
; Analysis & Synthesis Messages ;
+-------------------------------+
Info: *******************************************************************
Info: Running Quartus Prime Analysis & Synthesis
    Info: Version 22.1std.1 Build 917 02/14/2023 SC Lite Edition
    Info: Processing started: Fri Jul 28 19:24:44 2023
Info: Command: quartus_map --read_settings_files=on --write_settings_files=off serial_fir_filter -c serial_fir_filter
Warning (18236): Number of processors has not been specified which may cause overloading on shared machines.  Set the global assignment NUM_PARALLEL_PROCESSORS in your QSF to an appropriate value for best performance.
Info (20030): Parallel compilation is enabled and will use 2 of the 2 processors detected
Info (12021): Found 1 design units, including 1 entities, in source file rtl_srcs/full_adder.v
    Info (12023): Found entity 1: full_adder File: D:/QP_projects/serial_fir_filter/rtl_srcs/full_adder.v Line: 1
Info (12021): Found 1 design units, including 1 entities, in source file rtl_srcs/multiplier.v
    Info (12023): Found entity 1: multiplier File: D:/QP_projects/serial_fir_filter/rtl_srcs/multiplier.v Line: 1
Info (12021): Found 1 design units, including 1 entities, in source file rtl_srcs/mac_unit.v
    Info (12023): Found entity 1: mac_unit File: D:/QP_projects/serial_fir_filter/rtl_srcs/mac_unit.v Line: 1
Warning (12090): Entity "mux" obtained from "rtl_srcs/mux.v" instead of from Quartus Prime megafunction library File: D:/QP_projects/serial_fir_filter/rtl_srcs/mux.v Line: 1
Info (12021): Found 1 design units, including 1 entities, in source file rtl_srcs/mux.v
    Info (12023): Found entity 1: mux File: D:/QP_projects/serial_fir_filter/rtl_srcs/mux.v Line: 1
Info (12021): Found 1 design units, including 1 entities, in source file rtl_srcs/datapath.v
    Info (12023): Found entity 1: datapath File: D:/QP_projects/serial_fir_filter/rtl_srcs/datapath.v Line: 1
Info (12021): Found 1 design units, including 1 entities, in source file rtl_srcs/controller.v
    Info (12023): Found entity 1: controller File: D:/QP_projects/serial_fir_filter/rtl_srcs/controller.v Line: 1
Info (12021): Found 1 design units, including 1 entities, in source file rtl_srcs/serial_fir_filter.v
    Info (12023): Found entity 1: serial_fir_filter File: D:/QP_projects/serial_fir_filter/rtl_srcs/serial_fir_filter.v Line: 1
Info (12021): Found 1 design units, including 1 entities, in source file sim_srcs/serial_fir_filter_tb.v
    Info (12023): Found entity 1: serial_fir_filter_tb File: D:/QP_projects/serial_fir_filter/sim_srcs/serial_fir_filter_tb.v Line: 1
Warning (10236): Verilog HDL Implicit Net warning at mac_unit.v(11): created implicit net for "chash" File: D:/QP_projects/serial_fir_filter/rtl_srcs/mac_unit.v Line: 11
Info (12127): Elaborating entity "serial_fir_filter" for the top level hierarchy
Info (12128): Elaborating entity "datapath" for hierarchy "datapath:dut1" File: D:/QP_projects/serial_fir_filter/rtl_srcs/serial_fir_filter.v Line: 9
Info (12128): Elaborating entity "mux" for hierarchy "datapath:dut1|mux:dut1" File: D:/QP_projects/serial_fir_filter/rtl_srcs/datapath.v Line: 16
Info (12128): Elaborating entity "mac_unit" for hierarchy "datapath:dut1|mac_unit:dut" File: D:/QP_projects/serial_fir_filter/rtl_srcs/datapath.v Line: 18
Warning (10036): Verilog HDL or VHDL warning at mac_unit.v(11): object "chash" assigned a value but never read File: D:/QP_projects/serial_fir_filter/rtl_srcs/mac_unit.v Line: 11
Info (12128): Elaborating entity "multiplier" for hierarchy "datapath:dut1|mac_unit:dut|multiplier:dut1" File: D:/QP_projects/serial_fir_filter/rtl_srcs/mac_unit.v Line: 13
Info (12128): Elaborating entity "full_adder" for hierarchy "datapath:dut1|mac_unit:dut|full_adder:dut2" File: D:/QP_projects/serial_fir_filter/rtl_srcs/mac_unit.v Line: 14
Info (12128): Elaborating entity "controller" for hierarchy "controller:dut2" File: D:/QP_projects/serial_fir_filter/rtl_srcs/serial_fir_filter.v Line: 10
Warning (12011): Net is missing source, defaulting to GND
    Warning (12110): Net "datapath:dut1|mult_out1[11]" is missing source, defaulting to GND File: D:/QP_projects/serial_fir_filter/rtl_srcs/datapath.v Line: 9
    Warning (12110): Net "datapath:dut1|mult_out1[10]" is missing source, defaulting to GND File: D:/QP_projects/serial_fir_filter/rtl_srcs/datapath.v Line: 9
    Warning (12110): Net "datapath:dut1|mult_out1[9]" is missing source, defaulting to GND File: D:/QP_projects/serial_fir_filter/rtl_srcs/datapath.v Line: 9
    Warning (12110): Net "datapath:dut1|mult_out1[8]" is missing source, defaulting to GND File: D:/QP_projects/serial_fir_filter/rtl_srcs/datapath.v Line: 9
    Warning (12110): Net "datapath:dut1|mult_out1[7]" is missing source, defaulting to GND File: D:/QP_projects/serial_fir_filter/rtl_srcs/datapath.v Line: 9
    Warning (12110): Net "datapath:dut1|mult_out1[6]" is missing source, defaulting to GND File: D:/QP_projects/serial_fir_filter/rtl_srcs/datapath.v Line: 9
    Warning (12110): Net "datapath:dut1|mult_out1[5]" is missing source, defaulting to GND File: D:/QP_projects/serial_fir_filter/rtl_srcs/datapath.v Line: 9
    Warning (12110): Net "datapath:dut1|mult_out1[4]" is missing source, defaulting to GND File: D:/QP_projects/serial_fir_filter/rtl_srcs/datapath.v Line: 9
    Warning (12110): Net "datapath:dut1|mult_out1[3]" is missing source, defaulting to GND File: D:/QP_projects/serial_fir_filter/rtl_srcs/datapath.v Line: 9
    Warning (12110): Net "datapath:dut1|mult_out1[2]" is missing source, defaulting to GND File: D:/QP_projects/serial_fir_filter/rtl_srcs/datapath.v Line: 9
    Warning (12110): Net "datapath:dut1|mult_out1[1]" is missing source, defaulting to GND File: D:/QP_projects/serial_fir_filter/rtl_srcs/datapath.v Line: 9
    Warning (12110): Net "datapath:dut1|mult_out2[11]" is missing source, defaulting to GND File: D:/QP_projects/serial_fir_filter/rtl_srcs/datapath.v Line: 9
    Warning (12110): Net "datapath:dut1|mult_out2[10]" is missing source, defaulting to GND File: D:/QP_projects/serial_fir_filter/rtl_srcs/datapath.v Line: 9
    Warning (12110): Net "datapath:dut1|mult_out2[9]" is missing source, defaulting to GND File: D:/QP_projects/serial_fir_filter/rtl_srcs/datapath.v Line: 9
    Warning (12110): Net "datapath:dut1|mult_out2[8]" is missing source, defaulting to GND File: D:/QP_projects/serial_fir_filter/rtl_srcs/datapath.v Line: 9
    Warning (12110): Net "datapath:dut1|mult_out2[7]" is missing source, defaulting to GND File: D:/QP_projects/serial_fir_filter/rtl_srcs/datapath.v Line: 9
    Warning (12110): Net "datapath:dut1|mult_out2[6]" is missing source, defaulting to GND File: D:/QP_projects/serial_fir_filter/rtl_srcs/datapath.v Line: 9
    Warning (12110): Net "datapath:dut1|mult_out2[5]" is missing source, defaulting to GND File: D:/QP_projects/serial_fir_filter/rtl_srcs/datapath.v Line: 9
    Warning (12110): Net "datapath:dut1|mult_out2[4]" is missing source, defaulting to GND File: D:/QP_projects/serial_fir_filter/rtl_srcs/datapath.v Line: 9
    Warning (12110): Net "datapath:dut1|mult_out2[3]" is missing source, defaulting to GND File: D:/QP_projects/serial_fir_filter/rtl_srcs/datapath.v Line: 9
    Warning (12110): Net "datapath:dut1|mult_out2[2]" is missing source, defaulting to GND File: D:/QP_projects/serial_fir_filter/rtl_srcs/datapath.v Line: 9
    Warning (12110): Net "datapath:dut1|mult_out2[1]" is missing source, defaulting to GND File: D:/QP_projects/serial_fir_filter/rtl_srcs/datapath.v Line: 9
Warning (12241): 4 hierarchies have connectivity warnings - see the Connectivity Checks report folder
Warning (13024): Output pins are stuck at VCC or GND
    Warning (13410): Pin "y[24]" is stuck at GND File: D:/QP_projects/serial_fir_filter/rtl_srcs/serial_fir_filter.v Line: 5
Info (286030): Timing-Driven Synthesis is running
Info (17049): 4 registers lost all their fanouts during netlist optimizations.
Info (16010): Generating hard_block partition "hard_block:auto_generated_inst"
    Info (16011): Adding 0 node(s), including 0 DDIO, 0 PLL, 0 transceiver and 0 LCELL
Warning (21074): Design contains 48 input pin(s) that do not drive logic
    Warning (15610): No output dependent on input pin "c0[0]" File: D:/QP_projects/serial_fir_filter/rtl_srcs/serial_fir_filter.v Line: 3
    Warning (15610): No output dependent on input pin "c0[1]" File: D:/QP_projects/serial_fir_filter/rtl_srcs/serial_fir_filter.v Line: 3
    Warning (15610): No output dependent on input pin "c0[2]" File: D:/QP_projects/serial_fir_filter/rtl_srcs/serial_fir_filter.v Line: 3
    Warning (15610): No output dependent on input pin "c0[3]" File: D:/QP_projects/serial_fir_filter/rtl_srcs/serial_fir_filter.v Line: 3
    Warning (15610): No output dependent on input pin "c0[4]" File: D:/QP_projects/serial_fir_filter/rtl_srcs/serial_fir_filter.v Line: 3
    Warning (15610): No output dependent on input pin "c0[5]" File: D:/QP_projects/serial_fir_filter/rtl_srcs/serial_fir_filter.v Line: 3
    Warning (15610): No output dependent on input pin "c0[6]" File: D:/QP_projects/serial_fir_filter/rtl_srcs/serial_fir_filter.v Line: 3
    Warning (15610): No output dependent on input pin "c0[7]" File: D:/QP_projects/serial_fir_filter/rtl_srcs/serial_fir_filter.v Line: 3
    Warning (15610): No output dependent on input pin "c0[8]" File: D:/QP_projects/serial_fir_filter/rtl_srcs/serial_fir_filter.v Line: 3
    Warning (15610): No output dependent on input pin "c0[9]" File: D:/QP_projects/serial_fir_filter/rtl_srcs/serial_fir_filter.v Line: 3
    Warning (15610): No output dependent on input pin "c0[10]" File: D:/QP_projects/serial_fir_filter/rtl_srcs/serial_fir_filter.v Line: 3
    Warning (15610): No output dependent on input pin "c0[11]" File: D:/QP_projects/serial_fir_filter/rtl_srcs/serial_fir_filter.v Line: 3
    Warning (15610): No output dependent on input pin "c1[0]" File: D:/QP_projects/serial_fir_filter/rtl_srcs/serial_fir_filter.v Line: 3
    Warning (15610): No output dependent on input pin "c1[1]" File: D:/QP_projects/serial_fir_filter/rtl_srcs/serial_fir_filter.v Line: 3
    Warning (15610): No output dependent on input pin "c1[2]" File: D:/QP_projects/serial_fir_filter/rtl_srcs/serial_fir_filter.v Line: 3
    Warning (15610): No output dependent on input pin "c1[3]" File: D:/QP_projects/serial_fir_filter/rtl_srcs/serial_fir_filter.v Line: 3
    Warning (15610): No output dependent on input pin "c1[4]" File: D:/QP_projects/serial_fir_filter/rtl_srcs/serial_fir_filter.v Line: 3
    Warning (15610): No output dependent on input pin "c1[5]" File: D:/QP_projects/serial_fir_filter/rtl_srcs/serial_fir_filter.v Line: 3
    Warning (15610): No output dependent on input pin "c1[6]" File: D:/QP_projects/serial_fir_filter/rtl_srcs/serial_fir_filter.v Line: 3
    Warning (15610): No output dependent on input pin "c1[7]" File: D:/QP_projects/serial_fir_filter/rtl_srcs/serial_fir_filter.v Line: 3
    Warning (15610): No output dependent on input pin "c1[8]" File: D:/QP_projects/serial_fir_filter/rtl_srcs/serial_fir_filter.v Line: 3
    Warning (15610): No output dependent on input pin "c1[9]" File: D:/QP_projects/serial_fir_filter/rtl_srcs/serial_fir_filter.v Line: 3
    Warning (15610): No output dependent on input pin "c1[10]" File: D:/QP_projects/serial_fir_filter/rtl_srcs/serial_fir_filter.v Line: 3
    Warning (15610): No output dependent on input pin "c1[11]" File: D:/QP_projects/serial_fir_filter/rtl_srcs/serial_fir_filter.v Line: 3
    Warning (15610): No output dependent on input pin "c2[0]" File: D:/QP_projects/serial_fir_filter/rtl_srcs/serial_fir_filter.v Line: 3
    Warning (15610): No output dependent on input pin "c2[1]" File: D:/QP_projects/serial_fir_filter/rtl_srcs/serial_fir_filter.v Line: 3
    Warning (15610): No output dependent on input pin "c2[2]" File: D:/QP_projects/serial_fir_filter/rtl_srcs/serial_fir_filter.v Line: 3
    Warning (15610): No output dependent on input pin "c2[3]" File: D:/QP_projects/serial_fir_filter/rtl_srcs/serial_fir_filter.v Line: 3
    Warning (15610): No output dependent on input pin "c2[4]" File: D:/QP_projects/serial_fir_filter/rtl_srcs/serial_fir_filter.v Line: 3
    Warning (15610): No output dependent on input pin "c2[5]" File: D:/QP_projects/serial_fir_filter/rtl_srcs/serial_fir_filter.v Line: 3
    Warning (15610): No output dependent on input pin "c2[6]" File: D:/QP_projects/serial_fir_filter/rtl_srcs/serial_fir_filter.v Line: 3
    Warning (15610): No output dependent on input pin "c2[7]" File: D:/QP_projects/serial_fir_filter/rtl_srcs/serial_fir_filter.v Line: 3
    Warning (15610): No output dependent on input pin "c2[8]" File: D:/QP_projects/serial_fir_filter/rtl_srcs/serial_fir_filter.v Line: 3
    Warning (15610): No output dependent on input pin "c2[9]" File: D:/QP_projects/serial_fir_filter/rtl_srcs/serial_fir_filter.v Line: 3
    Warning (15610): No output dependent on input pin "c2[10]" File: D:/QP_projects/serial_fir_filter/rtl_srcs/serial_fir_filter.v Line: 3
    Warning (15610): No output dependent on input pin "c2[11]" File: D:/QP_projects/serial_fir_filter/rtl_srcs/serial_fir_filter.v Line: 3
    Warning (15610): No output dependent on input pin "x[0]" File: D:/QP_projects/serial_fir_filter/rtl_srcs/serial_fir_filter.v Line: 3
    Warning (15610): No output dependent on input pin "x[1]" File: D:/QP_projects/serial_fir_filter/rtl_srcs/serial_fir_filter.v Line: 3
    Warning (15610): No output dependent on input pin "x[2]" File: D:/QP_projects/serial_fir_filter/rtl_srcs/serial_fir_filter.v Line: 3
    Warning (15610): No output dependent on input pin "x[3]" File: D:/QP_projects/serial_fir_filter/rtl_srcs/serial_fir_filter.v Line: 3
    Warning (15610): No output dependent on input pin "x[4]" File: D:/QP_projects/serial_fir_filter/rtl_srcs/serial_fir_filter.v Line: 3
    Warning (15610): No output dependent on input pin "x[5]" File: D:/QP_projects/serial_fir_filter/rtl_srcs/serial_fir_filter.v Line: 3
    Warning (15610): No output dependent on input pin "x[6]" File: D:/QP_projects/serial_fir_filter/rtl_srcs/serial_fir_filter.v Line: 3
    Warning (15610): No output dependent on input pin "x[7]" File: D:/QP_projects/serial_fir_filter/rtl_srcs/serial_fir_filter.v Line: 3
    Warning (15610): No output dependent on input pin "x[8]" File: D:/QP_projects/serial_fir_filter/rtl_srcs/serial_fir_filter.v Line: 3
    Warning (15610): No output dependent on input pin "x[9]" File: D:/QP_projects/serial_fir_filter/rtl_srcs/serial_fir_filter.v Line: 3
    Warning (15610): No output dependent on input pin "x[10]" File: D:/QP_projects/serial_fir_filter/rtl_srcs/serial_fir_filter.v Line: 3
    Warning (15610): No output dependent on input pin "x[11]" File: D:/QP_projects/serial_fir_filter/rtl_srcs/serial_fir_filter.v Line: 3
Info (21057): Implemented 131 device resources after synthesis - the final resource count might be different
    Info (21058): Implemented 50 input pins
    Info (21059): Implemented 25 output pins
    Info (21061): Implemented 55 logic cells
    Info (21062): Implemented 1 DSP elements
Info: Quartus Prime Analysis & Synthesis was successful. 0 errors, 79 warnings
    Info: Peak virtual memory: 4809 megabytes
    Info: Processing ended: Fri Jul 28 19:25:00 2023
    Info: Elapsed time: 00:00:16
    Info: Total CPU time (on all processors): 00:00:28


